{"[]":{"id":"[]","index":-1,"key":"root","depth":0,"collapsed":false,"type":"object","path":[],"parentId":null,"circularOfId":null,"children":["[0]","[1]"]},"[0]":{"id":"[0]","index":0,"key":"a","depth":1,"collapsed":true,"type":"array","path":[0],"parentId":"[]","circularOfId":null,"children":["[0,0]","[0,1]","[0,2]"]},"[0,0]":{"id":"[0,0]","index":0,"key":"0","depth":2,"collapsed":true,"type":"number","path":[0,0],"parentId":"[0]","circularOfId":null,"children":[]},"[0,1]":{"id":"[0,1]","index":1,"key":"1","depth":2,"collapsed":true,"type":"number","path":[0,1],"parentId":"[0]","circularOfId":null,"children":[]},"[0,2]":{"id":"[0,2]","index":2,"key":"2","depth":2,"collapsed":true,"type":"number","path":[0,2],"parentId":"[0]","circularOfId":null,"children":[]},"[1]":{"id":"[1]","index":1,"key":"b","depth":1,"collapsed":false,"type":"map","path":[1],"parentId":"[]","circularOfId":null,"children":["[1,0]","[1,1]","[1,2]"]},"[1,0]":{"id":"[1,0]","index":0,"key":"[map entry 0]","depth":2,"collapsed":true,"type":"object","path":[1,0],"parentId":"[1]","circularOfId":null,"children":["[1,0,0]","[1,0,1]"]},"[1,1]":{"id":"[1,1]","index":1,"key":"[map entry 1]","depth":2,"collapsed":false,"type":"object","path":[1,1],"parentId":"[1]","circularOfId":null,"children":["[1,1,0]","[1,1,1]"]},"[1,0,0]":{"id":"[1,0,0]","index":0,"key":"[key]","depth":3,"collapsed":true,"type":"string","path":[1,0,0],"parentId":"[1,0]","circularOfId":null,"children":[]},"[1,0,1]":{"id":"[1,0,1]","index":1,"key":"[value]","depth":3,"collapsed":true,"type":"object","path":[1,0,1],"parentId":"[1,0]","circularOfId":null,"children":[]},"[1,1,0]":{"id":"[1,1,0]","index":0,"key":"[key]","depth":3,"collapsed":true,"type":"string","path":[1,1,0],"parentId":"[1,1]","circularOfId":null,"children":[]},"[1,1,1]":{"id":"[1,1,1]","index":1,"key":"[value]","depth":3,"collapsed":true,"type":"object","path":[1,1,1],"parentId":"[1,1]","circularOfId":null,"children":["[1,1,1,0]"]},"[1,1,1,0]":{"id":"[1,1,1,0]","index":0,"key":"f","depth":4,"collapsed":true,"type":"array","path":[1,1,1,0],"parentId":"[1,1,1]","circularOfId":null,"children":[]},"[1,2]":{"id":"[1,2]","index":2,"key":"[map entry 2]","depth":2,"collapsed":true,"type":"object","path":[1,2],"parentId":"[1]","circularOfId":null,"children":["[1,2,0]","[1,2,1]"]},"[1,2,0]":{"id":"[1,2,0]","index":0,"key":"[key]","depth":3,"collapsed":true,"type":"string","path":[1,2,0],"parentId":"[1,2]","circularOfId":null,"children":[]},"[1,2,1]":{"id":"[1,2,1]","index":1,"key":"[value]","depth":3,"collapsed":true,"type":"object","path":[1,2,1],"parentId":"[1,2]","circularOfId":null,"children":[]}}